<?xml version="1.0" encoding="UTF-8"?>
<testsuites>
    <testsuite name="use-optima-app-to-suggest-best-payout-plan-to-a-user-by-using-lower-aer-debit-account-to-pay-off-higher-apr-credit-outstandings;1-:offering-a-new-lloyds-saving-account-of-higher-aer-to-a-user-whose-total-credit-outstandings-are-lesser-than-his-total-debit-accounts-balance" tests="11" failures="0" skipped="0">
        <properties>
            <property name="URI" value="/Users/vinitkumar/Documents/work/functionalTestScripts/features/optima.feature">
            </property>
        </properties>
        <testcase name="Given user navigates to &quot;http://localhost:8082/#/&quot;" classname="use-optima-app-to-suggest-best-payout-plan-to-a-user-by-using-lower-aer-debit-account-to-pay-off-higher-apr-credit-outstandings;1-:offering-a-new-lloyds-saving-account-of-higher-aer-to-a-user-whose-total-credit-outstandings-are-lesser-than-his-total-debit-accounts-balance" time="0.000549695">
        </testcase>
        <testcase name="When user enters the login name &quot;alice&quot;" classname="use-optima-app-to-suggest-best-payout-plan-to-a-user-by-using-lower-aer-debit-account-to-pay-off-higher-apr-credit-outstandings;1-:offering-a-new-lloyds-saving-account-of-higher-aer-to-a-user-whose-total-credit-outstandings-are-lesser-than-his-total-debit-accounts-balance" time="0.001532604">
        </testcase>
        <testcase name="And enters the password &quot;wonderland&quot;" classname="use-optima-app-to-suggest-best-payout-plan-to-a-user-by-using-lower-aer-debit-account-to-pay-off-higher-apr-credit-outstandings;1-:offering-a-new-lloyds-saving-account-of-higher-aer-to-a-user-whose-total-credit-outstandings-are-lesser-than-his-total-debit-accounts-balance" time="0.000468112">
        </testcase>
        <testcase name="Then click on Sign In button" classname="use-optima-app-to-suggest-best-payout-plan-to-a-user-by-using-lower-aer-debit-account-to-pay-off-higher-apr-credit-outstandings;1-:offering-a-new-lloyds-saving-account-of-higher-aer-to-a-user-whose-total-credit-outstandings-are-lesser-than-his-total-debit-accounts-balance" time="0.000487589">
        </testcase>
        <testcase name="And verify the total debit account balance for alice" classname="use-optima-app-to-suggest-best-payout-plan-to-a-user-by-using-lower-aer-debit-account-to-pay-off-higher-apr-credit-outstandings;1-:offering-a-new-lloyds-saving-account-of-higher-aer-to-a-user-whose-total-credit-outstandings-are-lesser-than-his-total-debit-accounts-balance" time="0.00078365">
        </testcase>
        <testcase name="And verify the total credit account balance for alice" classname="use-optima-app-to-suggest-best-payout-plan-to-a-user-by-using-lower-aer-debit-account-to-pay-off-higher-apr-credit-outstandings;1-:offering-a-new-lloyds-saving-account-of-higher-aer-to-a-user-whose-total-credit-outstandings-are-lesser-than-his-total-debit-accounts-balance" time="0.00102745">
        </testcase>
        <testcase name="Then user clicks on yes button to optimise his/her savings" classname="use-optima-app-to-suggest-best-payout-plan-to-a-user-by-using-lower-aer-debit-account-to-pay-off-higher-apr-credit-outstandings;1-:offering-a-new-lloyds-saving-account-of-higher-aer-to-a-user-whose-total-credit-outstandings-are-lesser-than-his-total-debit-accounts-balance" time="0.000291249">
        </testcase>
        <testcase name="Then user clicks on Agree and Pay button on payout page" classname="use-optima-app-to-suggest-best-payout-plan-to-a-user-by-using-lower-aer-debit-account-to-pay-off-higher-apr-credit-outstandings;1-:offering-a-new-lloyds-saving-account-of-higher-aer-to-a-user-whose-total-credit-outstandings-are-lesser-than-his-total-debit-accounts-balance" time="0.000522563">
        </testcase>
        <testcase name="Then user clicks on Switch Now button on the offerings page" classname="use-optima-app-to-suggest-best-payout-plan-to-a-user-by-using-lower-aer-debit-account-to-pay-off-higher-apr-credit-outstandings;1-:offering-a-new-lloyds-saving-account-of-higher-aer-to-a-user-whose-total-credit-outstandings-are-lesser-than-his-total-debit-accounts-balance" time="0.000318433">
        </testcase>
        <testcase name="And verify the alert text" classname="use-optima-app-to-suggest-best-payout-plan-to-a-user-by-using-lower-aer-debit-account-to-pay-off-higher-apr-credit-outstandings;1-:offering-a-new-lloyds-saving-account-of-higher-aer-to-a-user-whose-total-credit-outstandings-are-lesser-than-his-total-debit-accounts-balance" time="0.000448063">
        </testcase>
        <testcase name="And user logs out from the application" classname="use-optima-app-to-suggest-best-payout-plan-to-a-user-by-using-lower-aer-debit-account-to-pay-off-higher-apr-credit-outstandings;1-:offering-a-new-lloyds-saving-account-of-higher-aer-to-a-user-whose-total-credit-outstandings-are-lesser-than-his-total-debit-accounts-balance" time="0.000365664">
        </testcase>
    </testsuite>
    <testsuite name="use-optima-app-to-suggest-best-payout-plan-to-a-user-by-using-lower-aer-debit-account-to-pay-off-higher-apr-credit-outstandings;2-:offering-a-new-lloyds-credit-card-of-lower-apr-to-a-user-whose-total-credit-outstandings-are-more-than-his-total-debit-accounts-balance" tests="11" failures="0" skipped="0">
        <properties>
            <property name="URI" value="/Users/vinitkumar/Documents/work/functionalTestScripts/features/optima.feature">
            </property>
        </properties>
        <testcase name="Given user navigates to &quot;http://localhost:8082/#/&quot;" classname="use-optima-app-to-suggest-best-payout-plan-to-a-user-by-using-lower-aer-debit-account-to-pay-off-higher-apr-credit-outstandings;2-:offering-a-new-lloyds-credit-card-of-lower-apr-to-a-user-whose-total-credit-outstandings-are-more-than-his-total-debit-accounts-balance" time="0.000145546">
        </testcase>
        <testcase name="When user enters the login name &quot;john&quot;" classname="use-optima-app-to-suggest-best-payout-plan-to-a-user-by-using-lower-aer-debit-account-to-pay-off-higher-apr-credit-outstandings;2-:offering-a-new-lloyds-credit-card-of-lower-apr-to-a-user-whose-total-credit-outstandings-are-more-than-his-total-debit-accounts-balance" time="0.00044861">
        </testcase>
        <testcase name="And enters the password &quot;doe&quot;" classname="use-optima-app-to-suggest-best-payout-plan-to-a-user-by-using-lower-aer-debit-account-to-pay-off-higher-apr-credit-outstandings;2-:offering-a-new-lloyds-credit-card-of-lower-apr-to-a-user-whose-total-credit-outstandings-are-more-than-his-total-debit-accounts-balance" time="0.000501431">
        </testcase>
        <testcase name="Then click on Sign In button" classname="use-optima-app-to-suggest-best-payout-plan-to-a-user-by-using-lower-aer-debit-account-to-pay-off-higher-apr-credit-outstandings;2-:offering-a-new-lloyds-credit-card-of-lower-apr-to-a-user-whose-total-credit-outstandings-are-more-than-his-total-debit-accounts-balance" time="0.000240323">
        </testcase>
        <testcase name="And verify the total debit account balance for john" classname="use-optima-app-to-suggest-best-payout-plan-to-a-user-by-using-lower-aer-debit-account-to-pay-off-higher-apr-credit-outstandings;2-:offering-a-new-lloyds-credit-card-of-lower-apr-to-a-user-whose-total-credit-outstandings-are-more-than-his-total-debit-accounts-balance" time="0.000603836">
        </testcase>
        <testcase name="And verify the total credit account balance for john" classname="use-optima-app-to-suggest-best-payout-plan-to-a-user-by-using-lower-aer-debit-account-to-pay-off-higher-apr-credit-outstandings;2-:offering-a-new-lloyds-credit-card-of-lower-apr-to-a-user-whose-total-credit-outstandings-are-more-than-his-total-debit-accounts-balance" time="0.001125592">
        </testcase>
        <testcase name="Then user clicks on yes button to optimise his/her savings" classname="use-optima-app-to-suggest-best-payout-plan-to-a-user-by-using-lower-aer-debit-account-to-pay-off-higher-apr-credit-outstandings;2-:offering-a-new-lloyds-credit-card-of-lower-apr-to-a-user-whose-total-credit-outstandings-are-more-than-his-total-debit-accounts-balance" time="0.000218435">
        </testcase>
        <testcase name="Then user clicks on Agree and Pay button on payout page" classname="use-optima-app-to-suggest-best-payout-plan-to-a-user-by-using-lower-aer-debit-account-to-pay-off-higher-apr-credit-outstandings;2-:offering-a-new-lloyds-credit-card-of-lower-apr-to-a-user-whose-total-credit-outstandings-are-more-than-his-total-debit-accounts-balance" time="0.001192603">
        </testcase>
        <testcase name="Then user clicks on Switch Now button on the offerings page" classname="use-optima-app-to-suggest-best-payout-plan-to-a-user-by-using-lower-aer-debit-account-to-pay-off-higher-apr-credit-outstandings;2-:offering-a-new-lloyds-credit-card-of-lower-apr-to-a-user-whose-total-credit-outstandings-are-more-than-his-total-debit-accounts-balance" time="0.000232157">
        </testcase>
        <testcase name="And verify the alert text" classname="use-optima-app-to-suggest-best-payout-plan-to-a-user-by-using-lower-aer-debit-account-to-pay-off-higher-apr-credit-outstandings;2-:offering-a-new-lloyds-credit-card-of-lower-apr-to-a-user-whose-total-credit-outstandings-are-more-than-his-total-debit-accounts-balance" time="0.000246782">
        </testcase>
        <testcase name="And user logs out from the application" classname="use-optima-app-to-suggest-best-payout-plan-to-a-user-by-using-lower-aer-debit-account-to-pay-off-higher-apr-credit-outstandings;2-:offering-a-new-lloyds-credit-card-of-lower-apr-to-a-user-whose-total-credit-outstandings-are-more-than-his-total-debit-accounts-balance" time="0.000407156">
        </testcase>
    </testsuite>
</testsuites>